c:\users\alon8\desktop\c_programming (2)\survice ice\survice ice\x64\debug\vc143.pdb
c:\users\alon8\desktop\c_programming (2)\survice ice\survice ice\x64\debug\vc143.idb
c:\users\alon8\desktop\c_programming (2)\survice ice\survice ice\x64\debug\ui_ranking.obj
c:\users\alon8\desktop\c_programming (2)\survice ice\survice ice\x64\debug\ui_play.obj
c:\users\alon8\desktop\c_programming (2)\survice ice\survice ice\x64\debug\ui_menu.obj
c:\users\alon8\desktop\c_programming (2)\survice ice\survice ice\x64\debug\settings.obj
c:\users\alon8\desktop\c_programming (2)\survice ice\survice ice\x64\debug\score.obj
c:\users\alon8\desktop\c_programming (2)\survice ice\survice ice\x64\debug\player.obj
c:\users\alon8\desktop\c_programming (2)\survice ice\survice ice\x64\debug\webserver.obj
c:\users\alon8\desktop\c_programming (2)\survice ice\survice ice\x64\debug\os.obj
c:\users\alon8\desktop\c_programming (2)\survice ice\survice ice\x64\debug\ml.obj
c:\users\alon8\desktop\c_programming (2)\survice ice\survice ice\x64\debug\blockchain.obj
c:\users\alon8\desktop\c_programming (2)\survice ice\survice ice\x64\debug\phase3.obj
c:\users\alon8\desktop\c_programming (2)\survice ice\survice ice\x64\debug\datacomm.obj
c:\users\alon8\desktop\c_programming (2)\survice ice\survice ice\x64\debug\phase2.obj
c:\users\alon8\desktop\c_programming (2)\survice ice\survice ice\x64\debug\proglang.obj
c:\users\alon8\desktop\c_programming (2)\survice ice\survice ice\x64\debug\phase1.obj
c:\users\alon8\desktop\c_programming (2)\survice ice\survice ice\x64\debug\pattern.obj
c:\users\alon8\desktop\c_programming (2)\survice ice\survice ice\x64\debug\obstacle.obj
c:\users\alon8\desktop\c_programming (2)\survice ice\survice ice\x64\debug\main.obj
c:\users\alon8\desktop\c_programming (2)\survice ice\survice ice\x64\debug\game_state.obj
c:\users\alon8\desktop\c_programming (2)\survice ice\survice ice\x64\debug\collision.obj
c:\users\alon8\desktop\c_programming (2)\survice ice\survice ice\x64\debug\ui_settings.obj
c:\users\alon8\desktop\c_programming (2)\survice ice\survice ice\x64\debug\ui_result.obj
c:\users\alon8\desktop\c_programming (2)\survice ice\x64\debug\survice ice.exe
c:\users\alon8\desktop\c_programming (2)\survice ice\x64\debug\survice ice.pdb
c:\users\alon8\desktop\c_programming (2)\survice ice\survice ice\x64\debug\survice ice.ilk
c:\users\alon8\desktop\c_programming (2)\survice ice\survice ice\x64\debug\survice ice.tlog\cl.command.1.tlog
c:\users\alon8\desktop\c_programming (2)\survice ice\survice ice\x64\debug\survice ice.tlog\cl.items.tlog
c:\users\alon8\desktop\c_programming (2)\survice ice\survice ice\x64\debug\survice ice.tlog\cl.read.1.tlog
c:\users\alon8\desktop\c_programming (2)\survice ice\survice ice\x64\debug\survice ice.tlog\cl.write.1.tlog
c:\users\alon8\desktop\c_programming (2)\survice ice\survice ice\x64\debug\survice ice.tlog\link.command.1.tlog
c:\users\alon8\desktop\c_programming (2)\survice ice\survice ice\x64\debug\survice ice.tlog\link.read.1.tlog
c:\users\alon8\desktop\c_programming (2)\survice ice\survice ice\x64\debug\survice ice.tlog\link.secondary.1.tlog
c:\users\alon8\desktop\c_programming (2)\survice ice\survice ice\x64\debug\survice ice.tlog\link.write.1.tlog
